
> frontend@0.1.0 build
> next build

node.exe : [baseline-browser-mapping] The data in this 
module is over two months old.  To ensure accurate 
Baseline data, please update: `npm i 
baseline-browser-mapping@latest -D`
At line:1 char:1
+ & "C:\Program Files\nodejs/node.exe" 
"C:\Users\jaytc\AppData\Roaming\ ...
+ ~~~~~~~~~~~~~~~~~~~~~~~~~~~~~~~~~~~~~~~~~~~~~~~~~~~~~
~~~~~~~~~~~~~~~~
    + CategoryInfo          : NotSpecified: ([baseline 
   -brows...ping@latest -D`:String) [], RemoteExcepti  
  on
    + FullyQualifiedErrorId : NativeCommandError
 

> Build error occurred
Error: EPERM: operation not permitted, unlink 'C:\Users
\jaytc\OneDrive\Desktop\projects\carpe-catalog\frontend
\.next\static\tt-Fv-oQNuR6Dmtq6cWqo'
    at ignore-listed frames {
  errno: -4048,
  code: 'EPERM',
  syscall: 'unlink',
  path: 'C:\\Users\\jaytc\\OneDrive\\Desktop\\projects\
\carpe-catalog\\frontend\\.next\\static\\tt-Fv-oQNuR6Dm
tq6cWqo'
}
