app/api/order-request/route.ts(1,24): error TS7016: Could not find a declaration file for module 'nodemailer'. 'C:/Users/jaytc/OneDrive/Desktop/projects/carpe-catalog/frontend/node_modules/nodemailer/lib/nodemailer.js' implicitly has an 'any' type.
  Try `npm i --save-dev @types/nodemailer` if it exists or add a new declaration (.d.ts) file containing `declare module 'nodemailer';`
